AGENTS.md: OK
MODEL_ORCHESTRATION.md: OK
TASKS/ACTIVE/ROUND_001_MODEL.md: OK
TASKS/ACTIVE/TASK-119_ROUND028_ACTUAL_TRIPLE_CONSTRUCTION.md: OK
THEOREMS/THM-046_ACTUAL_CRITICAL_COULOMB_THRESHOLD_SOURCE.md: OK
THEOREMS/THM-048_CRITICAL_COULOMB_SOURCE_UNIFORM_INTEGRABILITY.md: OK
THEOREMS/THM-049_EXACT_CRITICAL_COULOMB_SIGNED_CORRELATION_GATE.md: OK
THEOREMS/THM-050_COULOMB_CONDITIONAL_RESPONSE_AND_ANGULAR_OBSTRUCTION.md: OK
THEOREMS/THM-051_COULOMB_TWO_LABEL_OVERLAP_CANCELLATION.md: OK
MEMORANDA/ROUND_001_ALGEBRA.md: OK
MEMORANDA/ROUND_004_SINGULAR_RESPONSE.md: OK
MEMORANDA/ROUND_006_SINGULAR_PARTICLE_REALIZATION.md: OK
MEMORANDA/ROUND_010_ACTUAL_LAW_FALSIFICATION.md: OK
MEMORANDA/ROUND_016_SOURCE_EXTENSION.md: OK
MEMORANDA/ROUND_025_ULTRA_CRITICAL_THRESHOLD_ATTEMPT.md: OK
MEMORANDA/ROUND_026_SIGNED_CORRELATION_ATTEMPT.md: OK
MEMORANDA/ROUND_026_CORRELATION_FALSIFICATION.md: OK
MEMORANDA/ROUND_026_SIGNED_CORRELATION_ARTIFACTS_20260918_090236_UTC/EXPOSURE_AND_SOURCES.md: OK
MEMORANDA/ROUND_026_CORRELATION_FALSIFICATION_ARTIFACTS/EXPOSURE_AND_SOURCES.md: OK
AUDITS/ROUND_025_GATE_INTEGRATION.md: OK
AUDITS/ROUND_026_RESPONSE_RECONSTRUCTION_COMPARISON.md: OK
